// Jest Snapshot v1, https://goo.gl/fbAQLP

exports[`My Generate Component should render correctly with default props and redux store 1`] = `ShallowWrapper {}`;

exports[`My Tabs Component should render correctly with default props and redux store 1`] = `ShallowWrapper {}`;
