// Jest Snapshot v1, https://goo.gl/fbAQLP

exports[`My Panel Component should render correctly with default props and redux store 1`] = `ShallowWrapper {}`;

exports[`My Tabs Component should render correctly with default props and redux store 1`] = `ShallowWrapper {}`;
